[00:15:00] [Datafixer Bootstrap/INFO]: 188 Datafixer optimizations took 158 milliseconds
[00:15:01] [Render thread/INFO]: [STDERR]: [LWJGL] [ThreadLocalUtil] Unsupported JNI version detected, this may result in a crash. Please inform LWJGL developers.
[00:15:01] [Render thread/INFO]: Environment: authHost='https://authserver.mojang.com', accountsHost='https://api.mojang.com', sessionHost='https://sessionserver.mojang.com', servicesHost='https://api.minecraftservices.com', name='PROD'
[00:15:01] [Render thread/INFO]: Setting user: Lyam999gh
[00:15:01] [Render thread/INFO]: Backend library: LWJGL version 3.3.1 build 7
[00:15:02] [Render thread/INFO]: Reloading ResourceManager: vanilla
[00:15:02] [Worker-Main-5/INFO]: Found unifont_all_no_pua-15.0.06.hex, loading
[00:15:03] [Render thread/WARN]: Missing sound for event: minecraft:item.goat_horn.play
[00:15:03] [Render thread/WARN]: Missing sound for event: minecraft:entity.goat.screaming.horn_break
[00:15:03] [Render thread/INFO]: OpenAL initialized on device OpenAL Soft on Speakers (High Definition Audio Device)
[00:15:03] [Render thread/INFO]: Sound engine started
[00:15:03] [Render thread/INFO]: Created: 1024x512x4 minecraft:textures/atlas/blocks.png-atlas
[00:15:03] [Render thread/INFO]: Created: 256x256x4 minecraft:textures/atlas/signs.png-atlas
[00:15:03] [Render thread/INFO]: Created: 512x512x4 minecraft:textures/atlas/shield_patterns.png-atlas
[00:15:03] [Render thread/INFO]: Created: 512x512x4 minecraft:textures/atlas/banner_patterns.png-atlas
[00:15:03] [Render thread/INFO]: Created: 1024x1024x4 minecraft:textures/atlas/armor_trims.png-atlas
[00:15:03] [Render thread/INFO]: Created: 128x64x4 minecraft:textures/atlas/decorated_pot.png-atlas
[00:15:03] [Render thread/INFO]: Created: 256x256x4 minecraft:textures/atlas/chest.png-atlas
[00:15:03] [Render thread/INFO]: Created: 512x256x4 minecraft:textures/atlas/shulker_boxes.png-atlas
[00:15:03] [Render thread/INFO]: Created: 512x256x4 minecraft:textures/atlas/beds.png-atlas
[00:15:03] [Render thread/WARN]: Shader rendertype_entity_translucent_emissive could not find sampler named Sampler2 in the specified shader program.
[00:15:03] [Render thread/INFO]: Created: 256x256x0 minecraft:textures/atlas/particles.png-atlas
[00:15:03] [Render thread/INFO]: Created: 256x256x0 minecraft:textures/atlas/paintings.png-atlas
[00:15:03] [Render thread/INFO]: Created: 128x128x0 minecraft:textures/atlas/mob_effects.png-atlas
[00:15:10] [Render thread/INFO]: Loaded 7 recipes
[00:15:10] [Render thread/INFO]: Loaded 1271 advancements
[00:15:13] [Server thread/INFO]: Starting integrated minecraft server version 1.20.1
[00:15:13] [Server thread/INFO]: Generating keypair
[00:15:15] [Server thread/INFO]: Preparing start region for dimension minecraft:overworld
[00:15:15] [Render thread/INFO]: Preparing spawn area: 0%
[00:15:15] [Render thread/INFO]: Preparing spawn area: 0%
[00:15:16] [Render thread/INFO]: Preparing spawn area: 2%
[00:15:16] [Render thread/INFO]: Preparing spawn area: 6%
[00:15:17] [Render thread/INFO]: Preparing spawn area: 12%
[00:15:17] [Render thread/INFO]: Preparing spawn area: 18%
[00:15:18] [Render thread/INFO]: Preparing spawn area: 24%
[00:15:18] [Render thread/INFO]: Preparing spawn area: 32%
[00:15:19] [Render thread/INFO]: Preparing spawn area: 39%
[00:15:19] [Render thread/INFO]: Preparing spawn area: 45%
[00:15:20] [Render thread/INFO]: Preparing spawn area: 54%
[00:15:20] [Render thread/INFO]: Preparing spawn area: 61%
[00:15:21] [Render thread/INFO]: Preparing spawn area: 69%
[00:15:21] [Render thread/INFO]: Preparing spawn area: 77%
[00:15:22] [Render thread/INFO]: Preparing spawn area: 86%
[00:15:22] [Render thread/INFO]: Preparing spawn area: 93%
[00:15:23] [Render thread/INFO]: Time elapsed: 7821 ms
[00:15:23] [Server thread/INFO]: Changing view distance to 12, from 10
[00:15:23] [Server thread/INFO]: Changing simulation distance to 12, from 0
[00:15:23] [Server thread/INFO]: Lyam999gh[local:E:bebfc2d9] logged in with entity id 178 at (-14.5, 69.0, 14.5)
[00:15:23] [Server thread/INFO]: Lyam999gh joined the game
[00:15:23] [Render thread/INFO]: Loaded 2 advancements
[00:15:27] [Server thread/INFO]: Saving and pausing game...
[00:15:27] [Server thread/INFO]: Saving chunks for level 'ServerLevel[New World]'/minecraft:overworld
[00:15:27] [Server thread/INFO]: Saving chunks for level 'ServerLevel[New World]'/minecraft:the_end
[00:15:27] [Server thread/INFO]: Saving chunks for level 'ServerLevel[New World]'/minecraft:the_nether
[00:15:44] [Server thread/INFO]: Saving and pausing game...
[00:15:44] [Server thread/INFO]: Saving chunks for level 'ServerLevel[New World]'/minecraft:overworld
[00:15:44] [Server thread/INFO]: Saving chunks for level 'ServerLevel[New World]'/minecraft:the_end
[00:15:44] [Server thread/INFO]: Saving chunks for level 'ServerLevel[New World]'/minecraft:the_nether
[00:16:18] [Server thread/INFO]: Lyam999gh lost connection: Disconnected
[00:16:18] [Server thread/INFO]: Lyam999gh left the game
[00:16:18] [Server thread/INFO]: Stopping singleplayer server as player logged out
[00:16:18] [Server thread/INFO]: Stopping server
[00:16:18] [Server thread/INFO]: Saving players
[00:16:18] [Server thread/INFO]: Saving worlds
[00:16:18] [Server thread/INFO]: Saving chunks for level 'ServerLevel[New World]'/minecraft:overworld
[00:16:19] [Server thread/INFO]: Saving chunks for level 'ServerLevel[New World]'/minecraft:the_end
[00:16:19] [Server thread/INFO]: Saving chunks for level 'ServerLevel[New World]'/minecraft:the_nether
[00:16:19] [Server thread/INFO]: ThreadedAnvilChunkStorage (New World): All chunks are saved
[00:16:19] [Server thread/INFO]: ThreadedAnvilChunkStorage (DIM1): All chunks are saved
[00:16:19] [Server thread/INFO]: ThreadedAnvilChunkStorage (DIM-1): All chunks are saved
[00:16:19] [Server thread/INFO]: ThreadedAnvilChunkStorage: All dimensions are saved
[00:16:20] [Render thread/INFO]: Stopping!
