[06:53:06] [main/INFO]: Loading Minecraft 1.21.11 with Fabric Loader 0.19.2
[06:53:06] [main/WARN]: Warnings were found!
 - Mod 'Sodium Extra' (sodium-extra) 0.8.0+mc1.21.11 recommends version 1.8.5 or later of reeses-sodium-options, which is missing!
	 - You should install version 1.8.5 or later of reeses-sodium-options for the optimal experience.
[06:53:06] [main/INFO]: Loading 131 mods:
	- appleskin 3.0.7+mc1.21.11
	- axolotlclient 3.1.8+1.21.11
	   |-- axolotlclient-common 3.1.8
	   |-- axolotlclientconfig 3.1.8+1.21.11
	   |    |-- axolotlclientconfig-common 3.1.8
	   |    \-- me_xdrop_fuzzywuzzy 1.4.0
	   |-- axolotlclientconfig-rounded 3.1.8+1.21.11
	   |    |-- axolotlclient-rendering 0.0.3+1.21.11
	   |    |    |-- axolotlclient-rendering-common 0.0.3
	   |    |    |-- org_apache_xmlgraphics_batik-anim 1.19
	   |    |    |-- org_apache_xmlgraphics_batik-awt-util 1.19
	   |    |    |-- org_apache_xmlgraphics_batik-bridge 1.19
	   |    |    |-- org_apache_xmlgraphics_batik-constants 1.19
	   |    |    |-- org_apache_xmlgraphics_batik-css 1.19
	   |    |    |-- org_apache_xmlgraphics_batik-dom 1.19
	   |    |    |-- org_apache_xmlgraphics_batik-ext 1.19
	   |    |    |-- org_apache_xmlgraphics_batik-gvt 1.19
	   |    |    |-- org_apache_xmlgraphics_batik-i18n 1.19
	   |    |    |-- org_apache_xmlgraphics_batik-parser 1.19
	   |    |    |-- org_apache_xmlgraphics_batik-script 1.19
	   |    |    |-- org_apache_xmlgraphics_batik-shared-resources 1.19
	   |    |    |-- org_apache_xmlgraphics_batik-svg-dom 1.19
	   |    |    |-- org_apache_xmlgraphics_batik-transcoder 1.19
	   |    |    |-- org_apache_xmlgraphics_batik-util 1.19
	   |    |    |-- org_apache_xmlgraphics_batik-xml 1.19
	   |    |    |-- org_apache_xmlgraphics_xmlgraphics-commons 2.11
	   |    |    \-- xml-apis_xml-apis-ext 1.3.4
	   |    \-- axolotlclientconfig-rounded-common 3.1.8
	   \-- hypixel-mod-api 1.0.1+build.1+mc1.21
	        \-- net_hypixel_mod-api 1.0.1
	- c2me 0.3.6+beta.1.0+1.21.11
	   |-- c2me-base 0.3.6+beta.1.0+1.21.11
	   |-- c2me-client-uncapvd 0.3.6+beta.1.0+1.21.11
	   |-- c2me-fixes-chunkio-threading-issues 0.3.6+beta.1.0+1.21.11
	   |-- c2me-fixes-general-threading-issues 0.3.6+beta.1.0+1.21.11
	   |-- c2me-fixes-worldgen-threading-issues 0.3.6+beta.1.0+1.21.11
	   |-- c2me-fixes-worldgen-vanilla-bugs 0.3.6+beta.1.0+1.21.11
	   |-- c2me-notickvd 0.3.6+beta.1.0+1.21.11
	   |-- c2me-opts-allocs 0.3.6+beta.1.0+1.21.11
	   |-- c2me-opts-chunkio 0.3.6+beta.1.0+1.21.11
	   |-- c2me-opts-dfc 0.3.6+beta.1.0+1.21.11
	   |-- c2me-opts-math 0.3.6+beta.1.0+1.21.11
	   |-- c2me-opts-natives-math 0.3.6+beta.1.0+1.21.11
	   |-- c2me-opts-scheduling 0.3.6+beta.1.0+1.21.11
	   |-- c2me-opts-worldgen-general 0.3.6+beta.1.0+1.21.11
	   |-- c2me-opts-worldgen-vanilla 0.3.6+beta.1.0+1.21.11
	   |-- c2me-rewrites-chunk-serializer 0.3.6+beta.1.0+1.21.11
	   |-- c2me-rewrites-chunk-system 0.3.6+beta.1.0+1.21.11
	   |-- c2me-rewrites-chunkio 0.3.6+beta.1.0+1.21.11
	   |-- c2me-server-utils 0.3.6+beta.1.0+1.21.11
	   |-- c2me-threading-lighting 0.3.6+beta.1.0+1.21.11
	   |-- com_electronwill_night-config_core 3.6.5
	   |-- com_electronwill_night-config_toml 3.6.5
	   |-- com_ibm_async_asyncutil 0.1.0
	   |-- io_reactivex_rxjava3_rxjava 3.1.12
	   |-- net_objecthunter_exp4j 0.4.8
	   |-- org_jctools_jctools-core 4.0.5
	   \-- org_reactivestreams_reactive-streams 1.0.4
	- cloth-config 21.11.151
	   \-- cloth-basic-math 0.6.1
	- dcch 1.2
	- fabric-api 0.139.5+1.21.11
	   |-- fabric-api-base 1.0.5+4ebb5c083e
	   |-- fabric-api-lookup-api-v1 1.6.113+1fb1cde93e
	   |-- fabric-biome-api-v1 17.1.1+4fc5413f3e
	   |-- fabric-block-api-v1 1.1.10+4ebb5c083e
	   |-- fabric-block-view-api-v2 1.0.39+4ebb5c083e
	   |-- fabric-command-api-v2 2.4.7+6b42a6003e
	   |-- fabric-content-registries-v0 10.2.14+4fc5413f3e
	   |-- fabric-convention-tags-v1 2.1.55+7f945d5b3e
	   |-- fabric-convention-tags-v2 2.17.3+8ef948ba3e
	   |-- fabric-crash-report-info-v1 0.3.23+4ebb5c083e
	   |-- fabric-data-attachment-api-v1 1.8.43+1fb1cde93e
	   |-- fabric-data-generation-api-v1 23.3.0+ae1056283e
	   |-- fabric-dimensions-v1 4.0.28+4fc5413f3e
	   |-- fabric-entity-events-v1 3.0.5+4ebb5c083e
	   |-- fabric-events-interaction-v0 4.0.44+1fb1cde93e
	   |-- fabric-game-rule-api-v1 2.0.3+4fc5413f3e
	   |-- fabric-item-api-v1 11.5.20+d0c46b9e3e
	   |-- fabric-item-group-api-v1 4.2.36+4fc5413f3e
	   |-- fabric-key-binding-api-v1 1.1.7+4fc5413f3e
	   |-- fabric-lifecycle-events-v1 2.6.15+4ebb5c083e
	   |-- fabric-loot-api-v2 3.0.73+3f89f5a53e
	   |-- fabric-loot-api-v3 2.0.20+78c8b4663e
	   |-- fabric-message-api-v1 6.1.12+4ebb5c083e
	   |-- fabric-networking-api-v1 5.1.5+ae1e07683e
	   |-- fabric-object-builder-api-v1 21.1.38+4fc5413f3e
	   |-- fabric-particles-v1 4.2.11+4fc5413f3e
	   |-- fabric-recipe-api-v1 8.2.3+4ebb5c083e
	   |-- fabric-registry-sync-v0 6.2.4+4ebb5c083e
	   |-- fabric-rendering-fluids-v1 3.1.43+4ebb5c083e
	   |-- fabric-rendering-v1 16.2.6+1fb1cde93e
	   |-- fabric-resource-conditions-api-v1 5.0.35+4fc5413f3e
	   |-- fabric-resource-loader-v0 3.3.4+4fc5413f3e
	   |-- fabric-resource-loader-v1 1.0.10+78c8b4663e
	   |-- fabric-screen-api-v1 3.1.7+4ebb5c083e
	   |-- fabric-screen-handler-api-v1 1.3.160+4fc5413f3e
	   |-- fabric-serialization-api-v1 1.0.5+4ebb5c083e
	   |-- fabric-sound-api-v1 1.0.51+4fc5413f3e
	   |-- fabric-tag-api-v1 1.2.20+4fc5413f3e
	   |-- fabric-transfer-api-v1 6.0.24+4fc5413f3e
	   \-- fabric-transitive-access-wideners-v1 7.0.8+0107c3da3e
	- fabricloader 0.19.2
	   \-- mixinextras 0.5.4
	- ferritecore 8.0.3
	- forcecloseworldloadingscreen 2.3.3
	- immediatelyfast 1.14.0+1.21.11
	   \-- net_lenni0451_reflect 1.3.4
	- iris 1.10.2+mc1.21.11
	   |-- io_github_douira_glsl-transformer 3.0.0-pre3
	   |-- org_anarres_jcpp 1.4.14
	   \-- org_antlr_antlr4-runtime 4.13.1
	- jade 21.0.1+fabric
	- java 25
	- journeymap 1.21.11-6.0.0-beta.53
	   |-- ar_com_hjg_pngj 2.1.0
	   |-- commonnetworking 1.0.22-1.21.11
	   \-- journeymap-api-fabric 2.0.0-1.21.11-SNAPSHOT
	- lithium 0.21.1+mc1.21.11
	- minecraft 1.21.11
	- modmenu 17.0.0-alpha.1
	   \-- placeholder-api 2.8.1+1.21.10
	- morechathistory 1.3.1
	- moreculling 1.6.0-beta.2
	   |-- conditional-mixin 0.6.3
	   \-- mixinsquared 0.2.0
	- simple-armor-hud 1.21.10-1.6.0
	- sodium 0.8.0+mc1.21.11
	- sodium-extra 0.8.0+mc1.21.11
	- vmp 0.2.0+beta.7.223+1.21.11
	   \-- com_ibm_async_asyncutil 0.1.0
	- wi_zoom 1.7-MC1.21.11
[06:53:06] [main/INFO]: SpongePowered MIXIN Subsystem Version=0.8.7 Source=file:/C:/Users/Lyam/Desktop/LeanClient/minecraft/libraries/net/fabricmc/sponge-mixin/0.17.2+mixin.0.8.7/sponge-mixin-0.17.2+mixin.0.8.7.jar Service=Knot/Fabric Env=CLIENT
[06:53:06] [main/INFO]: Compatibility level set to JAVA_21
[06:53:07] [main/WARN]: Reference map 'e4mc.axolotlclient.refmap.json' for axolotlclient.e4mc.mixins.json could not be read. If this is a development environment you can ignore this message
[06:53:07] [main/INFO]: Initializing com.ishland.c2me.base.mixin
[06:53:07] [main/INFO]: Global Executor Parallelism: 2 configured, 2 evaluated, 2 default evaluated
[06:53:07] [main/INFO]: Initializing com.ishland.c2me.client.uncapvd.mixin
[06:53:07] [main/INFO]: Initializing com.ishland.c2me.fixes.chunkio.threading_issues.mixin
[06:53:07] [main/INFO]: Initializing com.ishland.c2me.fixes.general.threading_issues.mixin
[06:53:07] [main/INFO]: Initializing com.ishland.c2me.fixes.worldgen.threading_issues.mixin
[06:53:07] [main/INFO]: Initializing com.ishland.c2me.fixes.worldgen.vanilla_bugs.mixin
[06:53:07] [main/INFO]: Initializing com.ishland.c2me.notickvd.mixin
[06:53:07] [main/INFO]: Initializing com.ishland.c2me.opts.allocs.mixin
[06:53:07] [main/INFO]: Initializing com.ishland.c2me.opts.chunkio.mixin
[06:53:07] [main/INFO]: Initializing com.ishland.c2me.opts.dfc.mixin
[06:53:07] [main/INFO]: Initializing com.ishland.c2me.opts.math.mixin
[06:53:07] [main/INFO]: Initializing com.ishland.c2me.opts.natives_math.mixin
[06:53:07] [main/INFO]: Attempting to call native library. If your game crashes right after this point, native acceleration may not be available for your system.
[06:53:07] [main/INFO]: Detected maximum supported ISA target: AVX2
[06:53:07] [main/INFO]: Initializing com.ishland.c2me.opts.scheduling.mixin
[06:53:07] [main/INFO]: Initializing com.ishland.c2me.opts.worldgen.general.mixin
[06:53:07] [main/INFO]: Initializing com.ishland.c2me.opts.worldgen.vanilla.mixin
[06:53:07] [main/INFO]: Initializing com.ishland.c2me.rewrites.chunk_serializer.mixin
[06:53:07] [main/INFO]: Disabling com.ishland.c2me.rewrites.chunk_serializer.mixin
[06:53:07] [main/INFO]: Initializing com.ishland.c2me.rewrites.chunksystem.mixin
[06:53:07] [main/INFO]: Initializing com.ishland.c2me.rewrites.chunkio.mixin
[06:53:07] [main/INFO]: Initializing com.ishland.c2me.server.utils.mixin
[06:53:07] [main/INFO]: Initializing com.ishland.c2me.threading.lighting.mixin
[06:53:07] [main/WARN]: Reference map 'iris.refmap.json' for mixins.iris.json could not be read. If this is a development environment you can ignore this message
[06:53:07] [main/WARN]: Reference map 'iris-fabric.refmap.json' for mixins.iris.fabric.json could not be read. If this is a development environment you can ignore this message
[06:53:07] [main/WARN]: Reference map 'iris.refmap.json' for mixins.iris.fantastic.json could not be read. If this is a development environment you can ignore this message
[06:53:07] [main/WARN]: Reference map 'iris.refmap.json' for mixins.iris.vertexformat.json could not be read. If this is a development environment you can ignore this message
[06:53:07] [main/WARN]: Reference map 'iris.refmap.json' for mixins.iris.bettermipmaps.json could not be read. If this is a development environment you can ignore this message
[06:53:07] [main/WARN]: Reference map 'iris.refmap.json' for mixins.iris.compat.sodium.json could not be read. If this is a development environment you can ignore this message
[06:53:07] [main/WARN]: Reference map 'iris.refmap.json' for mixins.iris.fixes.maxfpscrash.json could not be read. If this is a development environment you can ignore this message
[06:53:07] [main/WARN]: Reference map 'journeymap-refmap.json' for journeymap.mixins.json could not be read. If this is a development environment you can ignore this message
[06:53:07] [main/WARN]: Reference map 'journeymap-refmap.json' for journeymap.fabric.mixins.json could not be read. If this is a development environment you can ignore this message
[06:53:07] [main/INFO]: Loaded configuration file for Lithium: 164 options available, 0 override(s) found.
[06:53:07] [main/WARN]: Reference map 'moreculling.refmap.json' for moreculling.mixins.json could not be read. If this is a development environment you can ignore this message
[06:53:07] [main/WARN]: Reference map 'moreculling.refmap.json' for moreculling.fabric.mixins.json could not be read. If this is a development environment you can ignore this message
[06:53:07] [main/INFO]: Loaded configuration file for Sodium: 43 options available, 1 override(s) found
[06:53:07] [main/INFO]: Loaded configuration file for Sodium Extra: 32 options available, 0 override(s) found
[06:53:07] [main/WARN]: Reference map 'sodium-extra.refmap.json' for sodium-extra.mixins.json could not be read. If this is a development environment you can ignore this message
[06:53:07] [main/INFO]: Successfully started async appender with [SysOut, ServerGuiConsole, Tracy, File]
[06:53:07] [main/WARN]: Error loading class: net/vulkanmod/config/option/Options (java.lang.ClassNotFoundException: net/vulkanmod/config/option/Options)
[06:53:07] [main/WARN]: Error loading class: ca/spottedleaf/starlight/common/thread/SchedulingUtil (java.lang.ClassNotFoundException: ca/spottedleaf/starlight/common/thread/SchedulingUtil)
[06:53:07] [main/WARN]: Force-disabling mixin 'features.render.world.sky.LevelRendererMixin' as rule 'mixin.features.render.world.sky' (added by mods [iris]) disables it and children
[06:53:07] [main/INFO]: Searching for graphics cards...
[06:53:07] [main/INFO]: Found graphics adapter: AdapterInfo{vendor=AMD, description='AMD Radeon(TM) Graphics', adapterType=0x00002323, openglIcdFilePath='C:\WINDOWS\System32\DriverStore\FileRepository\u0198974.inf_amd64_dcac9659486b668a\B025819\atig6pxx.dll', openglIcdVersion=32.0.21043.5001}
[06:53:07] [main/INFO]: Found graphics adapter: AdapterInfo{vendor=NVIDIA, description='NVIDIA GeForce RTX 4070 SUPER', adapterType=0x0000031B, openglIcdFilePath='C:\WINDOWS\System32\DriverStore\FileRepository\nvmdi.inf_amd64_1c87a544b993d27c\nvoglv64.dll', openglIcdVersion=32.0.15.9597}
[06:53:07] [main/WARN]: Sodium has applied one or more workarounds to prevent crashes or other issues on your system: [NVIDIA_THREADED_OPTIMIZATIONS_BROKEN]
[06:53:07] [main/WARN]: This is not necessarily an issue, but it may result in certain features or optimizations being disabled. You can sometimes fix these issues by upgrading your graphics driver.
[06:53:07] [main/INFO]: Initializing MixinExtras via com.llamalad7.mixinextras.service.MixinExtrasServiceImpl(version=0.5.4).
[06:53:09] [Datafixer Bootstrap/INFO]: 287 Datafixer optimizations took 522 milliseconds
[06:53:12] [Render thread/INFO]: Environment: Environment[sessionHost=https://sessionserver.mojang.com, servicesHost=https://api.minecraftservices.com, profilesHost=https://api.mojang.com, name=PROD]
[06:53:12] [Render thread/INFO]: Setting user: Lyam999gh
[06:53:12] [Render thread/INFO]: Initializing ServerSide Packet Registries
[06:53:12] [Render thread/INFO]: [STDOUT]: Starting WI Zoom v1.7-MC1.21.11
[06:53:12] [Render thread/INFO]: (AxolotlClient) AxolotlClient Initialized
[06:53:12] [Render thread/INFO]: Registered clientbound packet with identifier 'hypixel:hello'
[06:53:12] [Render thread/INFO]: Registered clientbound packet with identifier 'hypixel:player_info'
[06:53:12] [Render thread/INFO]: Registered clientbound packet with identifier 'hyevent:location'
[06:53:12] [Render thread/INFO]: Registered clientbound packet with identifier 'hypixel:party_info'
[06:53:12] [Render thread/INFO]: Registered clientbound packet with identifier 'hypixel:ping'
[06:53:12] [Render thread/INFO]: Registered serverbound packet with identifier 'hypixel:player_info'
[06:53:12] [Render thread/INFO]: Registered serverbound packet with identifier 'hypixel:party_info'
[06:53:12] [Render thread/INFO]: Registered serverbound packet with identifier 'hypixel:ping'
[06:53:12] [Render thread/INFO]: Registered serverbound packet with identifier 'hypixel:register'
[06:53:12] [Render thread/INFO]: Loaded null for service interface journeymap.api.services.WebMapService
[06:53:12] [Render thread/INFO]: Loaded journeymap.common.helpers.FabricClientHooks@4507209e for service interface journeymap.api.services.ClientPlatformService
[06:53:12] [Render thread/INFO]: Loaded journeymap.common.helpers.FabricHooks@13dfaaf for service interface journeymap.api.services.CommonPlatformService
[06:53:12] [Render thread/INFO]: Checking mod updates...
[06:53:12] [Render thread/INFO]: Simple Armor Hud loaded!
[06:53:12] [Render thread/INFO]: Armor accessor implementation: VanillaArmorAccessor
[06:53:13] [Worker-Main-1/INFO]: Update available for 'ferritecore@8.0.3', (-> 8.2.0-fabric)
[06:53:13] [Worker-Main-1/INFO]: Update available for 'c2me@0.3.6+beta.1.0+1.21.11', (-> 0.3.6.0.0)
[06:53:13] [Worker-Main-1/INFO]: Update available for 'jade@21.0.1+fabric', (-> 21.1.6+fabric)
[06:53:13] [Worker-Main-1/INFO]: Update available for 'forcecloseworldloadingscreen@2.3.3', (-> 2.3.4)
[06:53:13] [Worker-Main-1/INFO]: Update available for 'modmenu@17.0.0-alpha.1', (-> 17.0.0)
[06:53:13] [Worker-Main-1/INFO]: Update available for 'iris@1.10.2+mc1.21.11', (-> 1.10.7+1.21.11-fabric)
[06:53:13] [Worker-Main-1/INFO]: Update available for 'fabric-api@0.139.5+1.21.11', (-> 0.141.3+1.21.11)
[06:53:13] [Worker-Main-1/INFO]: Update available for 'sodium@0.8.0+mc1.21.11', (-> mc1.21.11-0.8.7-fabric)
[06:53:13] [Worker-Main-1/INFO]: Update available for 'cloth-config@21.11.151', (-> 21.11.153+fabric)
[06:53:13] [Worker-Main-1/INFO]: Update available for 'axolotlclient@3.1.8+1.21.11', (-> 3.1.9+1.21.11)
[06:53:13] [Worker-Main-1/INFO]: Update available for 'moreculling@1.6.0-beta.2', (-> 1.6.2)
[06:53:13] [Worker-Main-1/INFO]: Update available for 'lithium@0.21.1+mc1.21.11', (-> mc1.21.11-0.21.4-fabric)
[06:53:13] [Worker-Main-1/INFO]: Update available for 'immediatelyfast@1.14.0+1.21.11', (-> 1.14.2+1.21.11-fabric)
[06:53:13] [Worker-Main-1/INFO]: Update available for 'sodium-extra@0.8.0+mc1.21.11', (-> mc1.21.11-0.8.3+fabric)
[06:53:13] [Worker-Main-1/INFO]: Update available for 'simple-armor-hud@1.21.10-1.6.0', (-> 1.7.0-1.21.11)
[06:53:13] [Worker-Main-1/INFO]: Update available for 'appleskin@3.0.7+mc1.21.11', (-> 3.0.8+mc1.21.11)
[06:53:13] [Render thread/INFO]: Backend library: LWJGL version 3.3.3-snapshot
[06:53:13] [ForkJoinPool.commonPool-worker-1/WARN]: [Iris Update Check] This version doesn't have an update index, skipping.
[06:53:13] [Render thread/INFO]: Modifying process environment to apply workarounds for the NVIDIA graphics driver...
[06:53:14] [Render thread/INFO]: Initializing ImmediatelyFast 1.14.0+1.21.11 on NVIDIA GeForce RTX 4070 SUPER/PCIe/SSE2 (NVIDIA Corporation) with OpenGL 3.3.0 NVIDIA 595.97
[06:53:14] [Render thread/INFO]: Found Iris/Oculus 1.10.2+mc1.21.11. Enabling compatibility.
[06:53:14] [Render thread/INFO]: Debug functionality is disabled.
[06:53:14] [Render thread/INFO]: ARB_direct_state_access detected, enabling DSA.
[06:53:14] [Render thread/INFO]: Shaders are disabled because no valid shaderpack is selected
[06:53:14] [Render thread/INFO]: OpenGL Vendor: NVIDIA Corporation
[06:53:14] [Render thread/INFO]: OpenGL Renderer: NVIDIA GeForce RTX 4070 SUPER/PCIe/SSE2
[06:53:14] [Render thread/INFO]: OpenGL Version: 3.3.0 NVIDIA 595.97
[06:53:14] [Render thread/INFO]: Modifying OpenGL context to apply workarounds for the NVIDIA graphics driver...
[06:53:14] [Render thread/INFO]: Enabling GL_DEBUG_OUTPUT_SYNCHRONOUS to force the NVIDIA driver to disable threaded command submission
[06:53:14] [Render thread/INFO]: Using optional rendering extensions: GL_ARB_buffer_storage, GL_KHR_debug, GL_ARB_vertex_attrib_binding, GL_ARB_direct_state_access, GL_EXT_texture_filter_anisotropic
[06:53:14] [Render thread/INFO]: Hardware information:
[06:53:14] [Render thread/INFO]: CPU: 6x AMD Ryzen 9 7900X 12-Core Processor 
[06:53:14] [Render thread/INFO]: GPU: NVIDIA GeForce RTX 4070 SUPER/PCIe/SSE2 (Supports OpenGL 3.3.0 NVIDIA 595.97)
[06:53:14] [Render thread/INFO]: OS: Windows 11 (10.0)
[06:53:14] [Render thread/INFO]: Reloading ResourceManager: vanilla, appleskin, axolotlclient, axolotlclient-common, axolotlclient-rendering, axolotlclient-rendering-common, axolotlclientconfig, axolotlclientconfig-common, axolotlclientconfig-rounded, axolotlclientconfig-rounded-common, c2me, cloth-config, conditional-mixin, fabric-api, fabric-api-base, fabric-api-lookup-api-v1, fabric-biome-api-v1, fabric-block-api-v1, fabric-block-view-api-v2, fabric-command-api-v2, fabric-content-registries-v0, fabric-convention-tags-v1, fabric-convention-tags-v2, fabric-crash-report-info-v1, fabric-data-attachment-api-v1, fabric-data-generation-api-v1, fabric-dimensions-v1, fabric-entity-events-v1, fabric-events-interaction-v0, fabric-game-rule-api-v1, fabric-item-api-v1, fabric-item-group-api-v1, fabric-key-binding-api-v1, fabric-lifecycle-events-v1, fabric-loot-api-v2, fabric-loot-api-v3, fabric-message-api-v1, fabric-networking-api-v1, fabric-object-builder-api-v1, fabric-particles-v1, fabric-recipe-api-v1, fabric-registry-sync-v0, fabric-rendering-fluids-v1, fabric-rendering-v1, fabric-resource-conditions-api-v1, fabric-resource-loader-v0, fabric-resource-loader-v1, fabric-screen-api-v1, fabric-screen-handler-api-v1, fabric-serialization-api-v1, fabric-sound-api-v1, fabric-tag-api-v1, fabric-transfer-api-v1, fabric-transitive-access-wideners-v1, fabricloader, forcecloseworldloadingscreen, hypixel-mod-api, immediatelyfast, iris, jade, journeymap, lithium, modmenu, morechathistory, moreculling, placeholder-api, simple-armor-hud, sodium, sodium-extra, vmp, wi_zoom
[06:53:14] [Render thread/INFO]: Cached all modded block culling states
[06:53:14] [Render thread/INFO]: Start loading plugin from Jade: snownee.jade.addon.core.CorePlugin
[06:53:14] [Render thread/INFO]: Start loading plugin from Jade: snownee.jade.addon.vanilla.VanillaPlugin
[06:53:14] [Render thread/INFO]: Start loading plugin from Jade: snownee.jade.addon.universal.UniversalPlugin
[06:53:14] [Render thread/INFO]: Start loading plugin from Jade: snownee.jade.addon.access.AccessibilityPlugin
[06:53:14] [Render thread/INFO]: Start loading plugin from Jade: snownee.jade.addon.debug.DebugPlugin
[06:53:14] [Render thread/INFO]: Found @JourneyMapPlugin: journeymap.api.plugins.LoadedChunkOverlayPlugin
[06:53:15] [Worker-Main-5/INFO]: Found unifont_all_no_pua-17.0.01.hex, loading
[06:53:15] [Worker-Main-4/INFO]: Found unifont_pua-17.0.01.hex, loading
[06:53:15] [Worker-Main-5/INFO]: Found unifont_jp_patch-17.0.01.hex, loading
[06:53:15] [Render thread/INFO]: OpenAL initialized on device OpenAL Soft on Speakers (High Definition Audio Device)
[06:53:15] [Render thread/INFO]: Sound engine started
[06:53:15] [Render thread/INFO]: Created: 512x256x0 minecraft:textures/atlas/particles.png-atlas
[06:53:15] [Render thread/INFO]: Created: 128x128x0 minecraft:textures/atlas/decorated_pot.png-atlas
[06:53:15] [Render thread/INFO]: Created: 2048x1024x0 minecraft:textures/atlas/armor_trims.png-atlas
[06:53:15] [Render thread/INFO]: Created: 512x256x0 minecraft:textures/atlas/paintings.png-atlas
[06:53:15] [Render thread/INFO]: Created: 1024x512x0 minecraft:textures/atlas/shield_patterns.png-atlas
[06:53:15] [Render thread/INFO]: Created: 2048x2048x4 minecraft:textures/atlas/blocks.png-atlas
[06:53:15] [Render thread/INFO]: [STDOUT]: minecraft:block/repeating_command_block_side
[06:53:15] [Render thread/INFO]: [STDOUT]: minecraft:block/weathered_copper_lantern
[06:53:15] [Render thread/INFO]: [STDOUT]: minecraft:block/chain_command_block_front
[06:53:15] [Render thread/INFO]: [STDOUT]: minecraft:block/chain_command_block_conditional
[06:53:15] [Render thread/INFO]: [STDOUT]: minecraft:block/copper_lantern
[06:53:15] [Render thread/INFO]: [STDOUT]: minecraft:block/firefly_bush_emissive
[06:53:15] [Render thread/INFO]: [STDOUT]: minecraft:block/chain_command_block_side
[06:53:15] [Render thread/INFO]: [STDOUT]: minecraft:block/chain_command_block_back
[06:53:15] [Render thread/INFO]: [STDOUT]: minecraft:block/command_block_front
[06:53:15] [Render thread/INFO]: [STDOUT]: minecraft:block/repeating_command_block_front
[06:53:15] [Render thread/INFO]: [STDOUT]: minecraft:block/command_block_side
[06:53:15] [Render thread/INFO]: [STDOUT]: minecraft:block/command_block_back
[06:53:15] [Render thread/INFO]: [STDOUT]: minecraft:block/exposed_copper_lantern
[06:53:15] [Render thread/INFO]: [STDOUT]: minecraft:block/oxidized_copper_lantern
[06:53:15] [Render thread/INFO]: [STDOUT]: minecraft:block/repeating_command_block_conditional
[06:53:15] [Render thread/INFO]: [STDOUT]: minecraft:block/repeating_command_block_back
[06:53:15] [Render thread/INFO]: [STDOUT]: minecraft:block/command_block_conditional
[06:53:15] [Render thread/INFO]: Created: 512x512x0 minecraft:textures/atlas/chest.png-atlas
[06:53:15] [Render thread/INFO]: Created: 256x128x0 minecraft:textures/atlas/celestials.png-atlas
[06:53:15] [Render thread/INFO]: Created: 1024x512x0 minecraft:textures/atlas/banner_patterns.png-atlas
[06:53:15] [Render thread/INFO]: Created: 512x512x0 minecraft:textures/atlas/beds.png-atlas
[06:53:15] [Render thread/INFO]: Created: 1024x512x0 minecraft:textures/atlas/items.png-atlas
[06:53:15] [Render thread/INFO]: Created: 1024x1024x0 minecraft:textures/atlas/gui.png-atlas
[06:53:15] [Render thread/INFO]: [STDOUT]: minecraft:hud/locator_bar_arrow_up
[06:53:15] [Render thread/INFO]: [STDOUT]: minecraft:icon/trial_available
[06:53:15] [Render thread/INFO]: [STDOUT]: minecraft:icon/music_notes
[06:53:15] [Render thread/INFO]: [STDOUT]: minecraft:hud/locator_bar_arrow_down
[06:53:15] [Render thread/INFO]: [STDOUT]: minecraft:realm_status/expires_soon
[06:53:16] [Render thread/INFO]: Created: 128x64x0 minecraft:textures/atlas/map_decorations.png-atlas
[06:53:16] [Render thread/INFO]: Created: 512x256x0 minecraft:textures/atlas/signs.png-atlas
[06:53:16] [Render thread/INFO]: Created: 512x512x0 minecraft:textures/atlas/shulker_boxes.png-atlas
[06:53:16] [Render thread/INFO]: Creating pipeline for dimension minecraft:overworld
[06:56:03] [Render thread/INFO]: Loaded 1470 recipes
[06:56:03] [Render thread/INFO]: Loaded 1584 advancements
[06:56:03] [Render thread/INFO]: Applied 0 biome modifications to 0 of 65 new biomes in 725.7 μs
[06:56:03] [Server thread/INFO]: Starting integrated minecraft server version 1.21.11
[06:56:03] [Server thread/INFO]: Generating keypair
[06:56:03] [Server thread/INFO]: Enforcing safe world random access
[06:56:03] [Server thread/INFO]: [STDOUT]: Density function compilation finished in 121.7 ms
[06:56:03] [Server thread/INFO]: Changing watch distance to 10
[06:56:03] [Server thread/INFO]: Using TheSpeedyObjectFactory without Unsafe
[06:56:04] [Server thread/INFO]: [STDOUT]: Density function compilation finished in 5.057 ms
[06:56:04] [Server thread/INFO]: Changing watch distance to 10
[06:56:04] [Server thread/INFO]: [STDOUT]: Density function compilation finished in 1.800 ms
[06:56:04] [Server thread/INFO]: Changing watch distance to 10
[06:56:04] [Server thread/INFO]: Loading 0 persistent chunks...
[06:56:04] [Server thread/INFO]: Preparing spawn area: 16%
[06:56:04] [Server thread/INFO]: Loading 0 chunks for player spawn...
[06:56:04] [Server thread/INFO]: Preparing spawn area: 16%
[06:56:05] [Server thread/INFO]: Time elapsed: 812 ms
[06:56:05] [Render thread/INFO]: Joined server with c2me:ext_render_distance_v1 support
[06:56:05] [Server thread/INFO]: Lyam999gh[local:E:8b549a5c] logged in with entity id 89 at (-53.86015725182294, 65.16610926093821, 242.28020340566485)
[06:56:05] [Server thread/INFO]: Lyam999gh joined the game
[06:56:05] [Render thread/INFO]: Reloading pipeline on dimension change: minecraft:overworld => minecraft:overworld
[06:56:05] [Render thread/INFO]: Destroying pipeline minecraft:overworld
[06:56:05] [Render thread/INFO]: Creating pipeline for dimension minecraft:overworld
[06:56:05] [Render thread/INFO]: Started 2 worker threads
[06:56:05] [Server thread/INFO]: Changing view distance to 16, from 10
[06:56:05] [Server thread/INFO]: Changing watch distance to 16
[06:56:05] [Server thread/INFO]: Changing watch distance to 16
[06:56:05] [Server thread/INFO]: Changing watch distance to 16
[06:56:05] [Server thread/INFO]: Changing simulation distance to 12, from 0
[06:56:05] [Render thread/INFO]: Loaded 12 advancements
[06:56:05] [Render thread/INFO]: Joined server with c2me:ext_render_distance_v1 support
[06:56:05] [Render thread/INFO]: Changing view distance to 16 (play stage)
[06:56:05] [Render thread/INFO]: Resizing Dynamic Transforms UBO, capacity limit of 2 reached during a single frame. New capacity will be 4.
[06:56:05] [Render thread/INFO]: Received config from the server: {}
[06:56:05] [Render thread/INFO]: Resizing Dynamic Transforms UBO, capacity limit of 4 reached during a single frame. New capacity will be 8.
[06:56:06] [Render thread/INFO]: [System] [CHAT] §eJourneyMap:§f Press [§bJ§f]
[06:56:20] [Render thread/INFO]: Resizing Dynamic Transforms UBO, capacity limit of 8 reached during a single frame. New capacity will be 16.
[06:57:40] [Server thread/INFO]: Saving and pausing game...
[06:57:40] [Server thread/INFO]: Saving chunks for level 'ServerLevel[New World]'/minecraft:overworld
[06:57:40] [Server thread/INFO]: Saving chunks for level 'ServerLevel[New World]'/minecraft:the_end
[06:57:40] [Server thread/INFO]: Saving chunks for level 'ServerLevel[New World]'/minecraft:the_nether
[06:57:41] [Server thread/INFO]: Saving and pausing game...
[06:57:41] [Server thread/INFO]: Saving chunks for level 'ServerLevel[New World]'/minecraft:overworld
[06:57:41] [Server thread/INFO]: Saving chunks for level 'ServerLevel[New World]'/minecraft:the_end
[06:57:41] [Server thread/INFO]: Saving chunks for level 'ServerLevel[New World]'/minecraft:the_nether
